// Jest Snapshot v1, https://goo.gl/fbAQLP

exports[`<SocialPage /> matches snapshot 1`] = `
<div>
  <div
    class="sc-bczRLJ dEIXcx"
  >
    <div
      class="sc-gsnTZi fIvucl"
    >
      <div
        style="display: flex; justify-content: space-between; align-items: center;"
      >
        <h1
          class="sc-dkzDqf ubOrv"
        >
          친구찾기
        </h1>
      </div>
      <span
        class="sc-hKMtZM fCQPYB"
      >
        친구와 함께하면 즐거움이 두배에요.
      </span>
      <div
        class="sc-eCYdqJ cAgjmv"
      >
        <div
          class="sc-gKXOVf"
        >
          <button
            class="sc-iBkjds kSKSbT"
          >
            <span
              style="color: rgb(0, 198, 193);"
            >
              내친구
            </span>
          </button>
          <button
            class="sc-iBkjds kSKSbT"
          >
            <span>
              친구요청
            </span>
          </button>
        </div>
      </div>
      <hr
        class="sc-jSMfEi bchyHn"
      />
    </div>
    <div
      class="sc-fEOsli iLpJxV"
    >
      <div
        class="sc-ftvSup ikFYvQ sc-papXJ fYSOyb"
      >
        <div
          class="sc-jqUVSM gLtmvn"
        >
          <img
            class="sc-kDDrLX ckljJQ"
            src="default"
          />
          <div
            class="sc-iqcoie cbRpQG"
          >
            <h1
              class="sc-crXcEl gtxtSW"
            >
              Thomas
            </h1>
            <h2
              class="sc-evZas kvSCWJ"
            >
              tho@gmail.com
            </h2>
            <span
              class="sc-breuTD hMqIoS"
            >
              일본 vs 대한민국 같이봐요
            </span>
          </div>
        </div>
        <div>
          <i
            class="sc-ksZaOG hbHzFs fa-solid fa-ellipsis-vertical"
          />
        </div>
      </div>
      <div
        class="sc-ftvSup ikFYvQ sc-papXJ fYSOyb"
      >
        <div
          class="sc-jqUVSM gLtmvn"
        >
          <img
            class="sc-kDDrLX ckljJQ"
            src="default"
          />
          <div
            class="sc-iqcoie cbRpQG"
          >
            <h1
              class="sc-crXcEl gtxtSW"
            >
              Bell
            </h1>
            <h2
              class="sc-evZas kvSCWJ"
            >
              bell@gmail.com
            </h2>
            <span
              class="sc-breuTD hMqIoS"
            >
              접속중
            </span>
          </div>
        </div>
        <div>
          <i
            class="sc-ksZaOG hbHzFs fa-solid fa-ellipsis-vertical"
          />
        </div>
      </div>
      <div
        class="sc-ftvSup ikFYvQ sc-papXJ fYSOyb"
      >
        <div
          class="sc-jqUVSM gLtmvn"
        >
          <img
            class="sc-kDDrLX ckljJQ"
            src="default"
          />
          <div
            class="sc-iqcoie cbRpQG"
          >
            <h1
              class="sc-crXcEl gtxtSW"
            >
              Dijkstra
            </h1>
            <h2
              class="sc-evZas kvSCWJ"
            >
              graph@gmail.com
            </h2>
            <span
              class="sc-breuTD hMqIoS"
            >
              12 minutes ago
            </span>
          </div>
        </div>
        <div>
          <i
            class="sc-ksZaOG hbHzFs fa-solid fa-ellipsis-vertical"
          />
        </div>
      </div>
      <div
        class="sc-ftvSup ikFYvQ sc-papXJ fYSOyb"
      >
        <div
          class="sc-jqUVSM gLtmvn"
        >
          <img
            class="sc-kDDrLX ckljJQ"
            src="default"
          />
          <div
            class="sc-iqcoie cbRpQG"
          >
            <h1
              class="sc-crXcEl gtxtSW"
            >
              Perry
            </h1>
            <h2
              class="sc-evZas kvSCWJ"
            >
              graph@gmail.com
            </h2>
            <span
              class="sc-breuTD hMqIoS"
            >
              12 minutes ago
            </span>
          </div>
        </div>
        <div>
          <i
            class="sc-ksZaOG hbHzFs fa-solid fa-ellipsis-vertical"
          />
        </div>
      </div>
    </div>
  </div>
</div>
`;
